Array
(
    [https://example.com] => HTTP/1.1 200 OK
			   Content-Type: text/html; charset=UTF-8

<!DOCTYPE html />test
    [https://other.com/?url-param=true&second=false] => HTTP/1.1 200 OK
				Content-Type: application/json; charset=UTF-8

{"json":"is complex"}
)
