WP_Post Object (
     'ID' => 1,
     'post_author' => 1,
     'post_date' => '2025-01-01 00:00:00',
     'post_date_gmt' => '0000-00-00 00:00:00',
     'post_content' => 'This is a test post content.',
     'post_title' => 'Test Post',
     'post_excerpt' => '',
     'post_status' => 'publish',
     'comment_status' => 'open',
     'ping_status' => 'open',
     'post_password' => '',
     'post_name' => '',
     'to_ping' => '',
     'pinged' => '',
     'post_modified' => '0000-00-00 00:00:00',
     'post_modified_gmt' => '0000-00-00 00:00:00',
     'post_content_filtered' => '',
     'post_parent' => 0,
     'guid' => '',
     'menu_order' => 0,
     'post_type' => 'post',
     'post_mime_type' => '',
     'comment_count' => '0',
     'filter' => null,
)