Array
(
    [foo] => bar
    [empty] => 
    [null] => 
    [array] => Array
        (
            [foo] => bar
        )

)
