Array (
    'foo' => 'bar',
    'empty' => false,
    'null' => null,
    'array' =>
      Array (
        'foo' => 'bar',
      ),
)